[kamleshyadav.com/html/astrology/version-2/index.html]
[backblue.gif]
[fade.gif]
[index.html]
[kamleshyadav.com/html/astrology/version-2/assets/js/plugin/slick/slick.css]
[kamleshyadav.com/html/astrology/version-2/assets/js/plugin/airdatepicker/datepicker.min.css]
[kamleshyadav.com/html/astrology/version-2/assets/css/fonts.css]
[kamleshyadav.com/html/astrology/version-2/assets/css/style.css]
[kamleshyadav.com/html/astrology/version-2/assets/images/favicon.png]
[kamleshyadav.com/html/astrology/version-2/assets/images/loader.png]
[kamleshyadav.com/html/astrology/version-2/assets/images/logo.svg]
[kamleshyadav.com/html/astrology/version-2/assets/images/svg/headphone.svg]
[kamleshyadav.com/html/astrology/version-2/assets/images/svg/mail1.svg]
[kamleshyadav.com/html/astrology/version-2/assets/images/svg/login.svg]
[kamleshyadav.com/html/astrology/version-2/assets/images/svg/cart.svg]
[kamleshyadav.com/html/astrology/version-2/assets/images/prod1_d.jpg]
[kamleshyadav.com/html/astrology/version-2/assets/images/prod2_D.jpg]
[kamleshyadav.com/html/astrology/version-2/assets/images/svg/menu.svg]
[kamleshyadav.com/html/astrology/version-2/about.html]
[kamleshyadav.com/html/astrology/version-2/service.html]
[kamleshyadav.com/html/astrology/version-2/blog.html]
[kamleshyadav.com/html/astrology/version-2/blog_left_detail.html]
[kamleshyadav.com/html/astrology/version-2/blog_detail.html]
[kamleshyadav.com/html/astrology/version-2/appointment.html]
[kamleshyadav.com/html/astrology/version-2/shop.html]
[kamleshyadav.com/html/astrology/version-2/shop_single.html]
[kamleshyadav.com/html/astrology/version-2/cart.html]
[kamleshyadav.com/html/astrology/version-2/checkout.html]
[kamleshyadav.com/html/astrology/version-2/astrologer.html]
[kamleshyadav.com/html/astrology/version-2/privacy_policy.html]
[kamleshyadav.com/html/astrology/version-2/error.html]
[kamleshyadav.com/html/astrology/version-2/faq.html]
[kamleshyadav.com/html/astrology/version-2/contact.html]
[kamleshyadav.com/html/astrology/version-2/assets/images/search.png]
[kamleshyadav.com/html/astrology/version-2/assets/images/svg/search.svg]
[kamleshyadav.com/html/astrology/version-2/assets/images/banner_image.png]
[kamleshyadav.com/html/astrology/version-2/assets/images/about1.jpg]
[kamleshyadav.com/html/astrology/version-2/assets/images/about2.jpg]
[kamleshyadav.com/html/astrology/version-2/assets/images/about3.jpg]
[kamleshyadav.com/html/astrology/version-2/assets/images/about4.jpg]
[kamleshyadav.com/html/astrology/version-2/assets/images/svg/service1.svg]
[kamleshyadav.com/html/astrology/version-2/service_detail.html]
[kamleshyadav.com/html/astrology/version-2/assets/images/svg/service2.svg]
[kamleshyadav.com/html/astrology/version-2/assets/images/svg/service3.svg]
[kamleshyadav.com/html/astrology/version-2/assets/images/svg/service4.svg]
[kamleshyadav.com/html/astrology/version-2/assets/images/svg/service5.svg]
[kamleshyadav.com/html/astrology/version-2/assets/images/svg/service6.svg]
[kamleshyadav.com/html/astrology/version-2/assets/images/svg/service7.svg]
[kamleshyadav.com/html/astrology/version-2/assets/images/svg/service8.svg]
[kamleshyadav.com/html/astrology/version-2/zodiac_single.html]
[kamleshyadav.com/html/astrology/version-2/assets/images/svg/sign1.svg]
[kamleshyadav.com/html/astrology/version-2/assets/images/svg/sign2.svg]
[kamleshyadav.com/html/astrology/version-2/assets/images/svg/sign3.svg]
[kamleshyadav.com/html/astrology/version-2/assets/images/svg/sign4.svg]
[kamleshyadav.com/html/astrology/version-2/assets/images/svg/sign5.svg]
[kamleshyadav.com/html/astrology/version-2/assets/images/svg/sign6.svg]
[kamleshyadav.com/html/astrology/version-2/assets/images/zodiac.png]
[kamleshyadav.com/html/astrology/version-2/assets/images/svg/sign7.svg]
[kamleshyadav.com/html/astrology/version-2/assets/images/svg/sign8.svg]
[kamleshyadav.com/html/astrology/version-2/assets/images/svg/sign9.svg]
[kamleshyadav.com/html/astrology/version-2/assets/images/svg/sign10.svg]
[kamleshyadav.com/html/astrology/version-2/assets/images/svg/sign11.svg]
[kamleshyadav.com/html/astrology/version-2/assets/images/svg/sign12.svg]
[kamleshyadav.com/html/astrology/version-2/assets/images/svg/date.svg]
[kamleshyadav.com/html/astrology/version-2/assets/images/svg/time.svg]
[kamleshyadav.com/html/astrology/version-2/assets/images/svg/map1.svg]
[kamleshyadav.com/html/astrology/version-2/assets/images/customer1.jpg]
[kamleshyadav.com/html/astrology/version-2/assets/images/svg/quote1.svg]
[kamleshyadav.com/html/astrology/version-2/assets/images/customer2.jpg]
[kamleshyadav.com/html/astrology/version-2/assets/images/svg/shape.svg]
[kamleshyadav.com/html/astrology/version-2/assets/images/blog1.jpg]
[kamleshyadav.com/html/astrology/version-2/assets/images/svg/user.svg]
[kamleshyadav.com/html/astrology/version-2/assets/images/svg/comment.svg]
[kamleshyadav.com/html/astrology/version-2/assets/images/blog2.jpg]
[kamleshyadav.com/html/astrology/version-2/assets/images/blog3.jpg]
[kamleshyadav.com/html/astrology/version-2/assets/images/prod1.jpg]
[kamleshyadav.com/html/astrology/version-2/assets/images/svg/wishlist.svg]
[kamleshyadav.com/html/astrology/version-2/assets/images/svg/compare.svg]
[kamleshyadav.com/html/astrology/version-2/assets/images/rating.png]
[kamleshyadav.com/html/astrology/version-2/assets/images/prod2.jpg]
[kamleshyadav.com/html/astrology/version-2/assets/images/prod3.jpg]
[kamleshyadav.com/html/astrology/version-2/assets/images/prod4.jpg]
[kamleshyadav.com/html/astrology/version-2/assets/images/svg/calender.svg]
[kamleshyadav.com/html/astrology/version-2/assets/images/svg/facebook.svg]
[kamleshyadav.com/html/astrology/version-2/assets/images/svg/twitter.svg]
[kamleshyadav.com/html/astrology/version-2/assets/images/svg/google.svg]
[kamleshyadav.com/html/astrology/version-2/assets/images/svg/youtube.svg]
[kamleshyadav.com/html/astrology/version-2/assets/images/svg/map.svg]
[kamleshyadav.com/html/astrology/version-2/assets/images/svg/address.svg]
[kamleshyadav.com/html/astrology/version-2/assets/images/svg/call.svg]
[kamleshyadav.com/html/astrology/version-2/assets/js/plugin/slick/slick.min.js]
[kamleshyadav.com/html/astrology/version-2/assets/js/plugin/countto/jquery.countTo.js]
[kamleshyadav.com/html/astrology/version-2/assets/js/plugin/airdatepicker/datepicker.min.js]
[kamleshyadav.com/html/astrology/version-2/assets/js/plugin/airdatepicker/i18n/datepicker.en.js]
[kamleshyadav.com/html/astrology/version-2/assets/js/custom.js]
[kamleshyadav.com/html/astrology/version-2/index.html]
[kamleshyadav.com/html/astrology/version-2/assets/js/plugin/slick/slick.css]
[kamleshyadav.com/html/astrology/version-2/assets/js/plugin/airdatepicker/datepicker.min.css]
[kamleshyadav.com/html/astrology/version-2/assets/font/Philosopher-Regular.eot]
[kamleshyadav.com/html/astrology/version-2/assets/font/Philosopher-Regulard41d.eot]
[kamleshyadav.com/html/astrology/version-2/assets/font/Philosopher-Regular.ttf]
[kamleshyadav.com/html/astrology/version-2/assets/font/Philosopher-Regular.svg]
[kamleshyadav.com/html/astrology/version-2/assets/font/Philosopher-Regular.woff]
[kamleshyadav.com/html/astrology/version-2/assets/font/Philosopher-Regular.woff2]
[kamleshyadav.com/html/astrology/version-2/assets/font/Philosopher-Bold.eot]
[kamleshyadav.com/html/astrology/version-2/assets/font/Philosopher-Bold.ttf]
[kamleshyadav.com/html/astrology/version-2/assets/font/Philosopher-Boldd41d.eot]
[kamleshyadav.com/html/astrology/version-2/assets/font/Philosopher-Bold.svg]
[kamleshyadav.com/html/astrology/version-2/assets/font/Philosopher-Bold.woff]
[kamleshyadav.com/html/astrology/version-2/assets/font/Philosopher-Bold.woff2]
[kamleshyadav.com/html/astrology/version-2/assets/font/Inter-Thin.eot]
[kamleshyadav.com/html/astrology/version-2/assets/font/Inter-Thind41d.eot]
[kamleshyadav.com/html/astrology/version-2/assets/font/Inter-Thin.ttf]
[kamleshyadav.com/html/astrology/version-2/assets/font/Inter-Thin.svg]
[kamleshyadav.com/html/astrology/version-2/assets/font/Inter-Thin.woff]
[kamleshyadav.com/html/astrology/version-2/assets/font/Inter-Thin.woff2]
[kamleshyadav.com/html/astrology/version-2/assets/font/Inter-Light.eot]
[kamleshyadav.com/html/astrology/version-2/assets/font/Inter-Light.ttf]
[kamleshyadav.com/html/astrology/version-2/assets/font/Inter-Light.svg]
[kamleshyadav.com/html/astrology/version-2/assets/font/Inter-Light.woff]
[kamleshyadav.com/html/astrology/version-2/assets/font/Inter-Light.woff2]
[kamleshyadav.com/html/astrology/version-2/assets/font/Inter-ExtraLight.eot]
[kamleshyadav.com/html/astrology/version-2/assets/font/Inter-Lightd41d.eot]
[kamleshyadav.com/html/astrology/version-2/assets/font/Inter-ExtraLight.svg]
[kamleshyadav.com/html/astrology/version-2/assets/font/Inter-ExtraLight.ttf]
[kamleshyadav.com/html/astrology/version-2/assets/font/Inter-ExtraLight.woff]
[kamleshyadav.com/html/astrology/version-2/assets/font/Inter-ExtraLight.woff2]
[kamleshyadav.com/html/astrology/version-2/assets/font/Inter-ExtraLightd41d.eot]
[kamleshyadav.com/html/astrology/version-2/assets/font/Inter-Regular.eot]
[kamleshyadav.com/html/astrology/version-2/assets/font/Inter-Regular.svg]
[kamleshyadav.com/html/astrology/version-2/assets/font/Inter-Regular.ttf]
[kamleshyadav.com/html/astrology/version-2/assets/font/Inter-Regular.woff]
[kamleshyadav.com/html/astrology/version-2/assets/font/Inter-Regular.woff2]
[kamleshyadav.com/html/astrology/version-2/assets/font/Inter-Medium.eot]
[kamleshyadav.com/html/astrology/version-2/assets/font/Inter-Medium.ttf]
[kamleshyadav.com/html/astrology/version-2/assets/font/Inter-Medium.svg]
[kamleshyadav.com/html/astrology/version-2/assets/font/Inter-Medium.woff]
[kamleshyadav.com/html/astrology/version-2/assets/font/Inter-Medium.woff2]
[kamleshyadav.com/html/astrology/version-2/assets/font/Inter-SemiBold.eot]
[kamleshyadav.com/html/astrology/version-2/assets/font/Inter-SemiBold.ttf]
[kamleshyadav.com/html/astrology/version-2/assets/font/Inter-SemiBold.svg]
[kamleshyadav.com/html/astrology/version-2/assets/font/Inter-SemiBold.woff]
[kamleshyadav.com/html/astrology/version-2/assets/font/Inter-SemiBold.woff2]
[kamleshyadav.com/html/astrology/version-2/assets/font/Inter-Bold.eot]
[kamleshyadav.com/html/astrology/version-2/assets/font/Inter-Bold.ttf]
[kamleshyadav.com/html/astrology/version-2/assets/font/Inter-Bold.svg]
[kamleshyadav.com/html/astrology/version-2/assets/font/Inter-Bold.woff]
[kamleshyadav.com/html/astrology/version-2/assets/font/Inter-Bold.woff2]
[kamleshyadav.com/html/astrology/version-2/assets/font/Inter-ExtraBold.eot]
[kamleshyadav.com/html/astrology/version-2/assets/font/Inter-ExtraBold.ttf]
[kamleshyadav.com/html/astrology/version-2/assets/font/Inter-ExtraBold.svg]
[kamleshyadav.com/html/astrology/version-2/assets/font/Inter-ExtraBold.woff]
[kamleshyadav.com/html/astrology/version-2/assets/font/Inter-ExtraBold.woff2]
[kamleshyadav.com/html/astrology/version-2/assets/font/Inter-Black.eot]
[kamleshyadav.com/html/astrology/version-2/assets/font/Inter-Regulard41d.eot]
[kamleshyadav.com/html/astrology/version-2/assets/font/Inter-Black.svg]
[kamleshyadav.com/html/astrology/version-2/assets/font/Inter-Black.ttf]
[kamleshyadav.com/html/astrology/version-2/assets/font/Inter-Black.woff]
[kamleshyadav.com/html/astrology/version-2/assets/font/Inter-Black.woff2]
[kamleshyadav.com/html/astrology/version-2/assets/css/fonts.css]
[kamleshyadav.com/html/astrology/version-2/assets/font/Inter-Mediumd41d.eot]
[kamleshyadav.com/html/astrology/version-2/assets/images/bg1.jpg]
[kamleshyadav.com/html/astrology/version-2/assets/images/bg2.jpg]
[kamleshyadav.com/html/astrology/version-2/assets/images/bg3.jpg]
[kamleshyadav.com/html/astrology/version-2/assets/images/bg4.jpg]
[kamleshyadav.com/html/astrology/version-2/assets/images/svg/quote2.svg]
[kamleshyadav.com/html/astrology/version-2/assets/images/bg5.jpg]
[kamleshyadav.com/html/astrology/version-2/assets/font/Inter-SemiBoldd41d.eot]
[kamleshyadav.com/html/astrology/version-2/assets/images/bg6.jpg]
[kamleshyadav.com/html/astrology/version-2/assets/images/bg7.jpg]
[kamleshyadav.com/html/astrology/version-2/assets/images/svg/arrow.svg]
[kamleshyadav.com/html/astrology/version-2/assets/css/style.css]
[kamleshyadav.com/html/astrology/version-2/assets/images/svg/arrowHover.svg]
[kamleshyadav.com/html/astrology/version-2/assets/font/Inter-Boldd41d.eot]
[kamleshyadav.com/html/astrology/version-2/assets/font/Inter-ExtraBoldd41d.eot]
[kamleshyadav.com/html/astrology/version-2/assets/font/Inter-Blackd41d.eot]
[kamleshyadav.com/html/astrology/version-2/assets/images/logo.svg]
[kamleshyadav.com/html/astrology/version-2/assets/images/svg/headphone.svg]
[kamleshyadav.com/html/astrology/version-2/assets/images/svg/mail1.svg]
[kamleshyadav.com/html/astrology/version-2/assets/images/svg/login.svg]
[kamleshyadav.com/html/astrology/version-2/assets/images/svg/cart.svg]
[kamleshyadav.com/html/astrology/version-2/assets/images/prod2_D.html]
[kamleshyadav.com/html/astrology/version-2/assets/images/svg/menu.svg]
[kamleshyadav.com/html/astrology/version-2/about.html]
[kamleshyadav.com/html/astrology/version-2/service.html]
[kamleshyadav.com/html/astrology/version-2/assets/images/blog4.jpg]
[kamleshyadav.com/html/astrology/version-2/assets/images/blog5.jpg]
[kamleshyadav.com/html/astrology/version-2/blog.html]
[kamleshyadav.com/html/astrology/version-2/assets/images/blog6.jpg]
[kamleshyadav.com/html/astrology/version-2/assets/images/rpost1.jpg]
[kamleshyadav.com/html/astrology/version-2/assets/images/rpost2.jpg]
[kamleshyadav.com/html/astrology/version-2/assets/images/svg/calender1.svg]
[kamleshyadav.com/html/astrology/version-2/assets/images/rpost3.jpg]
[kamleshyadav.com/html/astrology/version-2/assets/images/gplay.png]
[kamleshyadav.com/html/astrology/version-2/assets/images/logo1.svg]
[kamleshyadav.com/html/astrology/version-2/assets/images/appstore.png]
[kamleshyadav.com/html/astrology/version-2/assets/images/blog_single.jpg]
[kamleshyadav.com/html/astrology/version-2/assets/images/blog_single1.jpg]
[kamleshyadav.com/html/astrology/version-2/assets/images/admin.jpg]
[kamleshyadav.com/html/astrology/version-2/assets/images/svg/tag.svg]
[kamleshyadav.com/html/astrology/version-2/assets/images/coment1.jpg]
[kamleshyadav.com/html/astrology/version-2/assets/images/coment2.jpg]
[kamleshyadav.com/html/astrology/version-2/assets/images/svg/reply.svg]
[kamleshyadav.com/html/astrology/version-2/assets/images/coment3.jpg]
[kamleshyadav.com/html/astrology/version-2/assets/images/coment4.jpg]
[kamleshyadav.com/html/astrology/version-2/assets/images/svg/place.svg]
[kamleshyadav.com/html/astrology/version-2/blog_left_detail.html]
[kamleshyadav.com/html/astrology/version-2/blog_detail.html]
[kamleshyadav.com/html/astrology/version-2/assets/js/plugin/select2/select2.min.css]
[kamleshyadav.com/html/astrology/version-2/appointment.html]
[kamleshyadav.com/html/astrology/version-2/assets/js/plugin/select2/select2.min.js]
[kamleshyadav.com/html/astrology/version-2/assets/images/prod5.jpg]
[kamleshyadav.com/html/astrology/version-2/assets/images/prod6.jpg]
[kamleshyadav.com/html/astrology/version-2/assets/images/prod7.jpg]
[kamleshyadav.com/html/astrology/version-2/assets/images/prod8.jpg]
[kamleshyadav.com/html/astrology/version-2/assets/images/prod2_d.jpg]
[kamleshyadav.com/html/astrology/version-2/assets/images/prod3_d.jpg]
[kamleshyadav.com/html/astrology/version-2/assets/images/prod4_d.jpg]
[kamleshyadav.com/html/astrology/version-2/assets/images/prod5_d.jpg]
[kamleshyadav.com/html/astrology/version-2/assets/images/prod6_d.jpg]
[kamleshyadav.com/html/astrology/version-2/assets/images/prod7_d.jpg]
[kamleshyadav.com/html/astrology/version-2/assets/images/prod8_d.jpg]
[kamleshyadav.com/html/astrology/version-2/shop.html]
[kamleshyadav.com/html/astrology/version-2/assets/js/plugin.js]
[kamleshyadav.com/html/astrology/version-2/shop_single.html]
[kamleshyadav.com/html/astrology/version-2/cart.html]
[kamleshyadav.com/html/astrology/version-2/checkout.html]
[kamleshyadav.com/html/astrology/version-2/assets/images/team1.jpg]
[kamleshyadav.com/html/astrology/version-2/assets/images/team2.jpg]
[kamleshyadav.com/html/astrology/version-2/assets/images/team3.jpg]
[kamleshyadav.com/html/astrology/version-2/assets/images/team4.jpg]
[kamleshyadav.com/html/astrology/version-2/assets/images/team5.jpg]
[kamleshyadav.com/html/astrology/version-2/assets/images/team6.jpg]
[kamleshyadav.com/html/astrology/version-2/assets/images/team7.jpg]
[kamleshyadav.com/html/astrology/version-2/assets/images/team8.jpg]
[kamleshyadav.com/html/astrology/version-2/astrologer.html]
[kamleshyadav.com/html/astrology/version-2/privacy_policy.html]
[kamleshyadav.com/html/astrology/version-2/error.html]
[kamleshyadav.com/html/astrology/version-2/faq.html]
[kamleshyadav.com/html/astrology/version-2/assets/images/svg/call1.svg]
[kamleshyadav.com/html/astrology/version-2/assets/images/svg/mail.svg]
[kamleshyadav.com/html/astrology/version-2/contact.html]
[kamleshyadav.com/html/astrology/version-2/assets/images/svg/search.svg]
[kamleshyadav.com/html/astrology/version-2/assets/images/svg/service1.svg]
[kamleshyadav.com/html/astrology/version-2/assets/images/service_single.jpg]
[kamleshyadav.com/html/astrology/version-2/assets/images/s1.jpg]
[kamleshyadav.com/html/astrology/version-2/assets/images/s2.jpg]
[kamleshyadav.com/html/astrology/version-2/assets/images/s3.jpg]
[kamleshyadav.com/html/astrology/version-2/service_detail.html]
[kamleshyadav.com/html/astrology/version-2/assets/images/svg/service2.svg]
[kamleshyadav.com/html/astrology/version-2/assets/images/svg/service3.svg]
[kamleshyadav.com/html/astrology/version-2/assets/images/svg/service4.svg]
[kamleshyadav.com/html/astrology/version-2/assets/images/svg/service5.svg]
[kamleshyadav.com/html/astrology/version-2/assets/images/svg/service6.svg]
[kamleshyadav.com/html/astrology/version-2/assets/images/svg/service7.svg]
[kamleshyadav.com/html/astrology/version-2/assets/images/svg/service8.svg]
[kamleshyadav.com/html/astrology/version-2/assets/images/card1.jpg]
[kamleshyadav.com/html/astrology/version-2/assets/images/card2.jpg]
[kamleshyadav.com/html/astrology/version-2/assets/images/card3.jpg]
[kamleshyadav.com/html/astrology/version-2/assets/images/card4.jpg]
[kamleshyadav.com/html/astrology/version-2/zodiac_single.html]
[kamleshyadav.com/html/astrology/version-2/assets/images/svg/sign1.svg]
[kamleshyadav.com/html/astrology/version-2/assets/images/svg/sign2.svg]
[kamleshyadav.com/html/astrology/version-2/assets/images/svg/sign3.svg]
[kamleshyadav.com/html/astrology/version-2/assets/images/svg/sign4.svg]
[kamleshyadav.com/html/astrology/version-2/assets/images/svg/sign5.svg]
[kamleshyadav.com/html/astrology/version-2/assets/images/svg/sign6.svg]
[kamleshyadav.com/html/astrology/version-2/assets/images/svg/sign7.svg]
[kamleshyadav.com/html/astrology/version-2/assets/images/svg/sign8.svg]
[kamleshyadav.com/html/astrology/version-2/assets/images/svg/sign9.svg]
[kamleshyadav.com/html/astrology/version-2/assets/images/svg/sign10.svg]
[kamleshyadav.com/html/astrology/version-2/assets/images/svg/sign11.svg]
[kamleshyadav.com/html/astrology/version-2/assets/images/svg/sign12.svg]
[kamleshyadav.com/html/astrology/version-2/assets/images/svg/date.svg]
[kamleshyadav.com/html/astrology/version-2/assets/images/svg/time.svg]
[kamleshyadav.com/html/astrology/version-2/assets/images/svg/map1.svg]
[kamleshyadav.com/html/astrology/version-2/assets/images/svg/quote1.svg]
[kamleshyadav.com/html/astrology/version-2/assets/images/svg/shape.svg]
[kamleshyadav.com/html/astrology/version-2/assets/images/svg/user.svg]
[kamleshyadav.com/html/astrology/version-2/assets/images/svg/comment.svg]
[kamleshyadav.com/html/astrology/version-2/assets/images/svg/wishlist.svg]
[kamleshyadav.com/html/astrology/version-2/assets/images/svg/compare.svg]
[kamleshyadav.com/html/astrology/version-2/assets/images/svg/calender.svg]
[kamleshyadav.com/html/astrology/version-2/assets/images/svg/facebook.svg]
[kamleshyadav.com/html/astrology/version-2/assets/images/svg/twitter.svg]
[kamleshyadav.com/html/astrology/version-2/assets/images/svg/google.svg]
[kamleshyadav.com/html/astrology/version-2/assets/images/svg/youtube.svg]
[kamleshyadav.com/html/astrology/version-2/assets/images/svg/map.svg]
[kamleshyadav.com/html/astrology/version-2/assets/images/svg/address.svg]
[kamleshyadav.com/html/astrology/version-2/assets/images/svg/call.svg]
[kamleshyadav.com/html/astrology/version-2/assets/font/Philosopher-Regular.svg]
[kamleshyadav.com/html/astrology/version-2/assets/font/Philosopher-Bold.svg]
[kamleshyadav.com/html/astrology/version-2/assets/font/Inter-Thin.svg]
[kamleshyadav.com/html/astrology/version-2/assets/font/Inter-Light.svg]
[kamleshyadav.com/html/astrology/version-2/assets/font/Inter-ExtraLight.svg]
[kamleshyadav.com/html/astrology/version-2/assets/font/Inter-Regular.svg]
[kamleshyadav.com/html/astrology/version-2/assets/font/Inter-Medium.svg]
[kamleshyadav.com/html/astrology/version-2/assets/font/Inter-SemiBold.svg]
[kamleshyadav.com/html/astrology/version-2/assets/font/Inter-Bold.svg]
[kamleshyadav.com/html/astrology/version-2/assets/font/Inter-ExtraBold.svg]
[kamleshyadav.com/html/astrology/version-2/assets/font/Inter-Black.svg]
[kamleshyadav.com/html/astrology/version-2/assets/images/svg/quote2.svg]
[kamleshyadav.com/html/astrology/version-2/assets/images/svg/arrow.svg]
[kamleshyadav.com/html/astrology/version-2/assets/images/svg/arrowHover.svg]
[kamleshyadav.com/html/astrology/version-2/assets/images/svg/calender1.svg]
[kamleshyadav.com/html/astrology/version-2/assets/images/logo1.svg]
[kamleshyadav.com/html/astrology/version-2/assets/images/svg/tag.svg]
[kamleshyadav.com/html/astrology/version-2/assets/images/svg/reply.svg]
[kamleshyadav.com/html/astrology/version-2/assets/images/svg/place.html]
[kamleshyadav.com/html/astrology/version-2/assets/js/plugin/select2/select2.min.css]
[kamleshyadav.com/html/astrology/version-2/assets/images/svg/call1.svg]
[kamleshyadav.com/html/astrology/version-2/assets/images/svg/mail.svg]
